// Jest Snapshot v1, https://goo.gl/fbAQLP

exports[`SelectLinks when no properties are set matches snapshot 1`] = `null`;

exports[`SelectLinks when properties are set matches snapshot 1`] = `
Array [
  <a
    aria-label="foo"
    className={null}
    href="#"
    onClick={[Function]}
    title="foo"
  >
    qux
  </a>,
  <a
    aria-label="bar"
    className={null}
    href="#"
    onClick={[Function]}
    title="bar"
  >
    quux
  </a>,
  <a
    aria-label="baz"
    className={null}
    href="#"
    onClick={[Function]}
    title="baz"
  >
    corge
  </a>,
]
`;
